// Jest Snapshot v1, https://goo.gl/fbAQLP

exports[`Rendering page Register Basic page renders without crashing 1`] = `
<div>
  <div
    class="MuiGrid-root MuiGrid-container css-1kn1g0c-MuiGrid-root"
  >
    <video
      autoplay=""
      loop=""
      style="position: fixed; right: 0px; bottom: 0px; width: 100%; height: 100%; object-fit: cover; outline: none; z-index: -1;"
    >
      <source
        src="/space.mp4"
        type="video/mp4"
      />
    </video>
    <div
      style="position: fixed; top: 0px; left: 0px; right: 0px; bottom: 0px; z-index: -1;"
    />
    <div>
      <div
        class="MuiContainer-root MuiContainer-maxWidthXs css-nzinn5-MuiContainer-root"
      >
        <div
          class="MuiBox-root css-jm9onk"
        >
          <h4
            class="MuiTypography-root MuiTypography-h4 css-1313egv-MuiTypography-root"
          >
            Register User
          </h4>
          <form
            class="MuiBox-root css-178yklu"
            novalidate=""
          >
            <div
              class="MuiGrid-root MuiGrid-container MuiGrid-spacing-xs-2 css-mhc70k-MuiGrid-root"
            >
              <div
                class="MuiGrid-root MuiGrid-item MuiGrid-grid-xs-12 css-1idn90j-MuiGrid-root"
              >
                <div
                  class="MuiFormControl-root MuiFormControl-fullWidth MuiTextField-root formfield css-wb57ya-MuiFormControl-root-MuiTextField-root"
                >
                  <label
                    class="MuiInputLabel-root MuiInputLabel-formControl MuiInputLabel-animated MuiInputLabel-sizeSmall MuiInputLabel-outlined MuiFormLabel-root MuiFormLabel-colorSecondary Mui-required css-bk59fv-MuiFormLabel-root-MuiInputLabel-root"
                    data-shrink="false"
                    for=":r0:"
                    id=":r0:-label"
                  >
                    Username
                    <span
                      aria-hidden="true"
                      class="MuiInputLabel-asterisk MuiFormLabel-asterisk css-wgai2y-MuiFormLabel-asterisk"
                    >
                       
                      *
                    </span>
                  </label>
                  <div
                    class="MuiOutlinedInput-root MuiInputBase-root MuiInputBase-colorSecondary MuiInputBase-fullWidth MuiInputBase-formControl MuiInputBase-sizeSmall css-1j0w0ul-MuiInputBase-root-MuiOutlinedInput-root"
                  >
                    <input
                      aria-invalid="false"
                      autocomplete="username"
                      class="MuiOutlinedInput-input MuiInputBase-input MuiInputBase-inputSizeSmall css-1n4twyu-MuiInputBase-input-MuiOutlinedInput-input"
                      id=":r0:"
                      name="username"
                      required=""
                      type="text"
                      value=""
                    />
                    <fieldset
                      aria-hidden="true"
                      class="MuiOutlinedInput-notchedOutline css-1d3z3hw-MuiOutlinedInput-notchedOutline"
                    >
                      <legend
                        class="css-1ftyaf0"
                      >
                        <span>
                          Username
                           
                          *
                        </span>
                      </legend>
                    </fieldset>
                  </div>
                </div>
              </div>
              <div
                class="MuiGrid-root MuiGrid-item MuiGrid-grid-xs-12 css-1idn90j-MuiGrid-root"
              >
                <div
                  class="MuiFormControl-root MuiFormControl-fullWidth MuiTextField-root formfield css-wb57ya-MuiFormControl-root-MuiTextField-root"
                >
                  <label
                    class="MuiInputLabel-root MuiInputLabel-formControl MuiInputLabel-animated MuiInputLabel-sizeSmall MuiInputLabel-outlined MuiFormLabel-root MuiFormLabel-colorSecondary Mui-required css-bk59fv-MuiFormLabel-root-MuiInputLabel-root"
                    data-shrink="false"
                    for=":r1:"
                    id=":r1:-label"
                  >
                    Password
                    <span
                      aria-hidden="true"
                      class="MuiInputLabel-asterisk MuiFormLabel-asterisk css-wgai2y-MuiFormLabel-asterisk"
                    >
                       
                      *
                    </span>
                  </label>
                  <div
                    class="MuiOutlinedInput-root MuiInputBase-root MuiInputBase-colorSecondary MuiInputBase-fullWidth MuiInputBase-formControl MuiInputBase-sizeSmall css-1j0w0ul-MuiInputBase-root-MuiOutlinedInput-root"
                  >
                    <input
                      aria-invalid="false"
                      autocomplete="new-password"
                      class="MuiOutlinedInput-input MuiInputBase-input MuiInputBase-inputSizeSmall css-1n4twyu-MuiInputBase-input-MuiOutlinedInput-input"
                      id=":r1:"
                      name="password"
                      required=""
                      type="password"
                      value=""
                    />
                    <fieldset
                      aria-hidden="true"
                      class="MuiOutlinedInput-notchedOutline css-1d3z3hw-MuiOutlinedInput-notchedOutline"
                    >
                      <legend
                        class="css-1ftyaf0"
                      >
                        <span>
                          Password
                           
                          *
                        </span>
                      </legend>
                    </fieldset>
                  </div>
                </div>
              </div>
              <div
                class="MuiGrid-root MuiGrid-item MuiGrid-grid-xs-12 css-1idn90j-MuiGrid-root"
              >
                <div
                  class="MuiFormControl-root MuiFormControl-fullWidth MuiTextField-root formfield css-wb57ya-MuiFormControl-root-MuiTextField-root"
                >
                  <label
                    class="MuiInputLabel-root MuiInputLabel-formControl MuiInputLabel-animated MuiInputLabel-sizeSmall MuiInputLabel-outlined MuiFormLabel-root MuiFormLabel-colorSecondary Mui-required css-bk59fv-MuiFormLabel-root-MuiInputLabel-root"
                    data-shrink="false"
                    for=":r2:"
                    id=":r2:-label"
                  >
                    Confirm Password
                    <span
                      aria-hidden="true"
                      class="MuiInputLabel-asterisk MuiFormLabel-asterisk css-wgai2y-MuiFormLabel-asterisk"
                    >
                       
                      *
                    </span>
                  </label>
                  <div
                    class="MuiOutlinedInput-root MuiInputBase-root MuiInputBase-colorSecondary MuiInputBase-fullWidth MuiInputBase-formControl MuiInputBase-sizeSmall css-1j0w0ul-MuiInputBase-root-MuiOutlinedInput-root"
                  >
                    <input
                      aria-invalid="false"
                      autocomplete="new-password"
                      class="MuiOutlinedInput-input MuiInputBase-input MuiInputBase-inputSizeSmall css-1n4twyu-MuiInputBase-input-MuiOutlinedInput-input"
                      id=":r2:"
                      name="confirmPassword"
                      required=""
                      type="password"
                      value=""
                    />
                    <fieldset
                      aria-hidden="true"
                      class="MuiOutlinedInput-notchedOutline css-1d3z3hw-MuiOutlinedInput-notchedOutline"
                    >
                      <legend
                        class="css-1ftyaf0"
                      >
                        <span>
                          Confirm Password
                           
                          *
                        </span>
                      </legend>
                    </fieldset>
                  </div>
                </div>
              </div>
              <div
                class="MuiGrid-root MuiGrid-item MuiGrid-grid-xs-12 css-1idn90j-MuiGrid-root"
              >
                <button
                  class="MuiButton-root MuiButton-contained MuiButton-containedError MuiButton-sizeMedium MuiButton-containedSizeMedium MuiButton-fullWidth MuiButtonBase-root  css-d2cg7q-MuiButtonBase-root-MuiButton-root"
                  tabindex="0"
                  type="submit"
                >
                  Register
                </button>
              </div>
              <div
                class="MuiGrid-root MuiGrid-item MuiGrid-grid-xs-12 css-1idn90j-MuiGrid-root"
              >
                <a
                  class="MuiTypography-root MuiTypography-inherit MuiLink-root MuiLink-underlineAlways css-ix4tdv-MuiTypography-root-MuiLink-root"
                  href="/login"
                >
                  Already have an account? Login
                </a>
              </div>
              <div
                class="MuiGrid-root MuiGrid-item MuiGrid-grid-xs-12 css-1idn90j-MuiGrid-root"
              >
                <a
                  class="MuiTypography-root MuiTypography-inherit MuiLink-root MuiLink-underlineAlways css-ix4tdv-MuiTypography-root-MuiLink-root"
                  href="/register"
                >
                  Register as a researcher instead?
                </a>
              </div>
            </div>
          </form>
        </div>
      </div>
    </div>
  </div>
</div>
`;
